Copyright 1986-2022 Xilinx, Inc. All Rights Reserved. Copyright 2022-2025 Advanced Micro Devices, Inc. All Rights Reserved.
---------------------------------------------------------------------------------------------------------------------------------------------
| Tool Version : Vivado v.2025.2 (win64) Build 6299465 Fri Nov 14 19:35:11 GMT 2025
| Date         : Sun Sep 27 15:20:46 2026
| Host         : LAPTOP-LI running 64-bit major release  (build 9200)
| Command      : report_timing_summary -file V:/reports/board_top_timing_synth.rpt
| Design       : G_FPGA_Top
| Device       : 7a35t-cpg236
| Speed File   : -1  PRODUCTION 1.23 2018-06-13
| Design State : Synthesized
---------------------------------------------------------------------------------------------------------------------------------------------

Timing Summary Report

------------------------------------------------------------------------------------------------
| Timer Settings
| --------------
------------------------------------------------------------------------------------------------

  Enable Multi Corner Analysis               :  Yes
  Enable Pessimism Removal                   :  Yes
  Pessimism Removal Resolution               :  Nearest Common Node
  Enable Input Delay Default Clock           :  No
  Enable Preset / Clear Arcs                 :  No
  Disable Flight Delays                      :  No
  Ignore I/O Paths                           :  No
  Timing Early Launch at Borrowing Latches   :  No
  Borrow Time for Max Delay Exceptions       :  Yes
  Merge Timing Exceptions                    :  Yes
  Inter-SLR Compensation                     :  Conservative

  Corner  Analyze    Analyze    
  Name    Max Paths  Min Paths  
  ------  ---------  ---------  
  Slow    Yes        Yes        
  Fast    Yes        Yes        


------------------------------------------------------------------------------------------------
| Report Methodology
| ------------------
------------------------------------------------------------------------------------------------

No report available as report_methodology has not been run prior. Run report_methodology on the current design for the summary of methodology violations.



check_timing report

Table of Contents
-----------------
1. checking no_clock (1325)
2. checking constant_clock (0)
3. checking pulse_width_clock (0)
4. checking unconstrained_internal_endpoints (2029)
5. checking no_input_delay (2)
6. checking no_output_delay (2)
7. checking multiple_clock (0)
8. checking generated_clocks (0)
9. checking loops (0)
10. checking partial_input_delay (0)
11. checking partial_output_delay (0)
12. checking latch_loops (0)

1. checking no_clock (1325)
---------------------------
 There are 1325 register/latch pins with no clock driven by root clock pin: dbg_hub/sl_iport0_o[1] (HIGH)


2. checking constant_clock (0)
------------------------------
 There are 0 register/latch pins with constant_clock.


3. checking pulse_width_clock (0)
---------------------------------
 There are 0 register/latch pins which need pulse_width check


4. checking unconstrained_internal_endpoints (2029)
---------------------------------------------------
 There are 2029 pins that are not constrained for maximum delay. (HIGH)

 There are 0 pins that are not constrained for maximum delay due to constant clock.


5. checking no_input_delay (2)
------------------------------
 There are 2 input ports with no input delay specified. (HIGH)

 There are 0 input ports with no input delay but user has a false path constraint.


6. checking no_output_delay (2)
-------------------------------
 There are 2 ports with no output delay specified. (HIGH)

 There are 0 ports with no output delay but user has a false path constraint

 There are 0 ports with no output delay but with a timing clock defined on it or propagating through it


7. checking multiple_clock (0)
------------------------------
 There are 0 register/latch pins with multiple clocks.


8. checking generated_clocks (0)
--------------------------------
 There are 0 generated clocks that are not connected to a clock source.


9. checking loops (0)
---------------------
 There are 0 combinational loops in the design.


10. checking partial_input_delay (0)
------------------------------------
 There are 0 input ports with partial input delay specified.


11. checking partial_output_delay (0)
-------------------------------------
 There are 0 ports with partial output delay specified.


12. checking latch_loops (0)
----------------------------
 There are 0 combinational latch loops in the design through latch input



------------------------------------------------------------------------------------------------
| Design Timing Summary
| ---------------------
------------------------------------------------------------------------------------------------

    WNS(ns)      TNS(ns)  TNS Failing Endpoints  TNS Total Endpoints      WHS(ns)      THS(ns)  THS Failing Endpoints  THS Total Endpoints     WPWS(ns)     TPWS(ns)  TPWS Failing Endpoints  TPWS Total Endpoints  
    -------      -------  ---------------------  -------------------      -------      -------  ---------------------  -------------------     --------     --------  ----------------------  --------------------  
      0.130        0.000                      0                41944        0.034        0.000                      0                41944        3.000        0.000                       0                 15616  


All user specified timing constraints are met.


------------------------------------------------------------------------------------------------
| Clock Summary
| -------------
------------------------------------------------------------------------------------------------

Clock                    Waveform(ns)         Period(ns)      Frequency(MHz)
-----                    ------------         ----------      --------------
sys_clk                  {0.000 5.000}        10.000          100.000         
  clk_out1_mmcm_top_wiz  {0.000 5.000}        10.000          100.000         
  clk_out2_mmcm_top_wiz  {0.000 40.690}       81.379          12.288          
    clk_adc              {0.000 81.379}       244.138         4.096           
  clkfbout_mmcm_top_wiz  {0.000 5.000}        10.000          100.000         


------------------------------------------------------------------------------------------------
| Intra Clock Table
| -----------------
------------------------------------------------------------------------------------------------

Clock                        WNS(ns)      TNS(ns)  TNS Failing Endpoints  TNS Total Endpoints      WHS(ns)      THS(ns)  THS Failing Endpoints  THS Total Endpoints     WPWS(ns)     TPWS(ns)  TPWS Failing Endpoints  TPWS Total Endpoints  
-----                        -------      -------  ---------------------  -------------------      -------      -------  ---------------------  -------------------     --------     --------  ----------------------  --------------------  
sys_clk                                                                                                                                                                    3.000        0.000                       0                     1  
  clk_out1_mmcm_top_wiz        0.130        0.000                      0                41918        0.034        0.000                      0                41918        4.020        0.000                       0                 15593  
  clk_out2_mmcm_top_wiz                                                                                                                                                   79.224        0.000                       0                     3  
    clk_adc                   71.590        0.000                      0                   26        0.045        0.000                      0                   26       80.879        0.000                       0                    16  
  clkfbout_mmcm_top_wiz                                                                                                                                                    7.845        0.000                       0                     3  


------------------------------------------------------------------------------------------------
| Inter Clock Table
| -----------------
------------------------------------------------------------------------------------------------

From Clock    To Clock          WNS(ns)      TNS(ns)  TNS Failing Endpoints  TNS Total Endpoints      WHS(ns)      THS(ns)  THS Failing Endpoints  THS Total Endpoints  
----------    --------          -------      -------  ---------------------  -------------------      -------      -------  ---------------------  -------------------  


------------------------------------------------------------------------------------------------
| Other Path Groups Table
| -----------------------
------------------------------------------------------------------------------------------------

Path Group    From Clock    To Clock          WNS(ns)      TNS(ns)  TNS Failing Endpoints  TNS Total Endpoints      WHS(ns)      THS(ns)  THS Failing Endpoints  THS Total Endpoints  
----------    ----------    --------          -------      -------  ---------------------  -------------------      -------      -------  ---------------------  -------------------  


------------------------------------------------------------------------------------------------
| Timing Details
| --------------
------------------------------------------------------------------------------------------------


---------------------------------------------------------------------------------------------------
From Clock:  sys_clk
  To Clock:  sys_clk

Setup :           NA  Failing Endpoints,  Worst Slack           NA  ,  Total Violation           NA
Hold  :           NA  Failing Endpoints,  Worst Slack           NA  ,  Total Violation           NA
PW    :            0  Failing Endpoints,  Worst Slack        3.000ns,  Total Violation        0.000ns
---------------------------------------------------------------------------------------------------


Pulse Width Checks
--------------------------------------------------------------------------------------
Clock Name:         sys_clk
Waveform(ns):       { 0.000 5.000 }
Period(ns):         10.000
Sources:            { sys_clk }

Check Type        Corner  Lib Pin            Reference Pin  Required(ns)  Actual(ns)  Slack(ns)  Location  Pin
Min Period        n/a     MMCME2_ADV/CLKIN1  n/a            1.249         10.000      8.751                u_mmcm_top/u_mmcm_top_wiz/inst/mmcm_adv_inst/CLKIN1
Max Period        n/a     MMCME2_ADV/CLKIN1  n/a            100.000       10.000      90.000               u_mmcm_top/u_mmcm_top_wiz/inst/mmcm_adv_inst/CLKIN1
Low Pulse Width   Slow    MMCME2_ADV/CLKIN1  n/a            2.000         5.000       3.000                u_mmcm_top/u_mmcm_top_wiz/inst/mmcm_adv_inst/CLKIN1
High Pulse Width  Slow    MMCME2_ADV/CLKIN1  n/a            2.000         5.000       3.000                u_mmcm_top/u_mmcm_top_wiz/inst/mmcm_adv_inst/CLKIN1



---------------------------------------------------------------------------------------------------
From Clock:  clk_out1_mmcm_top_wiz
  To Clock:  clk_out1_mmcm_top_wiz

Setup :            0  Failing Endpoints,  Worst Slack        0.130ns,  Total Violation        0.000ns
Hold  :            0  Failing Endpoints,  Worst Slack        0.034ns,  Total Violation        0.000ns
PW    :            0  Failing Endpoints,  Worst Slack        4.020ns,  Total Violation        0.000ns
---------------------------------------------------------------------------------------------------


Max Delay Paths
--------------------------------------------------------------------------------------
Slack (MET) :             0.130ns  (required time - arrival time)
  Source:                 u_capture_calc_subsystem/u_hmi_uart_ctrl/span_div_count_reg[3]/C
                            (rising edge-triggered cell FDRE clocked by clk_out1_mmcm_top_wiz  {rise@0.000ns fall@5.000ns period=10.000ns})
  Destination:            u_capture_calc_subsystem/u_hmi_uart_ctrl/wave_span_reg[12]/D
                            (rising edge-triggered cell FDRE clocked by clk_out1_mmcm_top_wiz  {rise@0.000ns fall@5.000ns period=10.000ns})
  Path Group:             clk_out1_mmcm_top_wiz
  Path Type:              Setup (Max at Slow Process Corner)
  Requirement:            10.000ns  (clk_out1_mmcm_top_wiz rise@10.000ns - clk_out1_mmcm_top_wiz rise@0.000ns)
  Data Path Delay:        9.673ns  (logic 4.450ns (46.004%)  route 5.223ns (53.996%))
  Logic Levels:           14  (CARRY4=6 LUT2=2 LUT3=1 LUT4=1 LUT5=1 LUT6=3)
  Clock Path Skew:        -0.145ns (DCD - SCD + CPR)
    Destination Clock Delay (DCD):    -2.261ns = ( 7.739 - 10.000 ) 
    Source Clock Delay      (SCD):    -1.586ns
    Clock Pessimism Removal (CPR):    0.530ns
  Clock Uncertainty:      0.081ns  ((TSJ^2 + DJ^2)^1/2) / 2 + PE
    Total System Jitter     (TSJ):    0.071ns
    Discrete Jitter          (DJ):    0.146ns
    Phase Error              (PE):    0.000ns

    Location             Delay type                Incr(ns)  Path(ns)    Netlist Resource(s)
  -------------------------------------------------------------------    -------------------
                         (clock clk_out1_mmcm_top_wiz rise edge)
                                                      0.000     0.000 r  
    W5                                                0.000     0.000 r  sys_clk (IN)
                         net (fo=0)                   0.000     0.000    u_mmcm_top/u_mmcm_top_wiz/inst/clk_in1
    W5                   IBUF (Prop_ibuf_I_O)         1.458     1.458 r  u_mmcm_top/u_mmcm_top_wiz/inst/clkin1_ibufg/O
                         net (fo=1, unplaced)         0.584     2.042    u_mmcm_top/u_mmcm_top_wiz/inst/clk_in1_mmcm_top_wiz
                         MMCME2_ADV (Prop_mmcme2_adv_CLKIN1_CLKOUT0)
                                                     -5.108    -3.065 r  u_mmcm_top/u_mmcm_top_wiz/inst/mmcm_adv_inst/CLKOUT0
                         net (fo=1, unplaced)         0.800    -2.266    u_mmcm_top/u_mmcm_top_wiz/inst/clk_out1_mmcm_top_wiz
                         BUFG (Prop_bufg_I_O)         0.096    -2.170 r  u_mmcm_top/u_mmcm_top_wiz/inst/clkout1_buf/O
                         net (fo=15593, unplaced)     0.584    -1.586    u_capture_calc_subsystem/u_hmi_uart_ctrl/calc_clk
                         FDRE                                         r  u_capture_calc_subsystem/u_hmi_uart_ctrl/span_div_count_reg[3]/C
  -------------------------------------------------------------------    -------------------
                         FDRE (Prop_fdre_C_Q)         0.456    -1.130 r  u_capture_calc_subsystem/u_hmi_uart_ctrl/span_div_count_reg[3]/Q
                         net (fo=37, unplaced)        0.881    -0.249    u_capture_calc_subsystem/u_hmi_uart_ctrl/span_div_count_reg_n_0_[3]
                         LUT5 (Prop_lut5_I0_O)        0.295     0.046 r  u_capture_calc_subsystem/u_hmi_uart_ctrl/span_div_rem[0]_i_2/O
                         net (fo=4, unplaced)         0.473     0.519    u_capture_calc_subsystem/u_hmi_uart_ctrl/p_0_in__0[0]
                         LUT4 (Prop_lut4_I2_O)        0.116     0.635 r  u_capture_calc_subsystem/u_hmi_uart_ctrl/span_div_rem[11]_i_18/O
                         net (fo=1, unplaced)         0.000     0.635    u_capture_calc_subsystem/u_hmi_uart_ctrl/span_div_rem[11]_i_18_n_0
                         CARRY4 (Prop_carry4_DI[0]_CO[3])
                                                      0.576     1.211 r  u_capture_calc_subsystem/u_hmi_uart_ctrl/span_div_rem_reg[11]_i_5/CO[3]
                         net (fo=1, unplaced)         0.009     1.220    u_capture_calc_subsystem/u_hmi_uart_ctrl/span_div_rem_reg[11]_i_5_n_0
                         CARRY4 (Prop_carry4_CI_CO[2])
                                                      0.252     1.472 f  u_capture_calc_subsystem/u_hmi_uart_ctrl/span_div_rem_reg[11]_i_3/CO[2]
                         net (fo=46, unplaced)        0.532     2.004    u_capture_calc_subsystem/u_hmi_uart_ctrl/span_div_subtract
                         LUT6 (Prop_lut6_I2_O)        0.310     2.314 r  u_capture_calc_subsystem/u_hmi_uart_ctrl/span_div_quot[12]_i_2/O
                         net (fo=5, unplaced)         1.139     3.453    u_capture_calc_subsystem/u_hmi_uart_ctrl/span_div_quot[12]_i_2_n_0
                         LUT6 (Prop_lut6_I1_O)        0.124     3.577 r  u_capture_calc_subsystem/u_hmi_uart_ctrl/wave_span[0]_i_5/O
                         net (fo=2, unplaced)         0.460     4.037    u_capture_calc_subsystem/u_hmi_uart_ctrl/wave_span[0]_i_5_n_0
                         LUT6 (Prop_lut6_I4_O)        0.124     4.161 r  u_capture_calc_subsystem/u_hmi_uart_ctrl/wave_span[0]_i_2/O
                         net (fo=4, unplaced)         0.473     4.634    u_capture_calc_subsystem/u_hmi_uart_ctrl/span_n_cycle[0]
                         LUT2 (Prop_lut2_I0_O)        0.124     4.758 r  u_capture_calc_subsystem/u_hmi_uart_ctrl/wave_span[0]_i_9/O
                         net (fo=1, unplaced)         0.000     4.758    u_capture_calc_subsystem/u_hmi_uart_ctrl/wave_span[0]_i_9_n_0
                         CARRY4 (Prop_carry4_S[2]_CO[3])
                                                      0.380     5.138 r  u_capture_calc_subsystem/u_hmi_uart_ctrl/wave_span_reg[0]_i_3/CO[3]
                         net (fo=1, unplaced)         0.009     5.147    u_capture_calc_subsystem/u_hmi_uart_ctrl/wave_span_reg[0]_i_3_n_0
                         CARRY4 (Prop_carry4_CI_O[3])
                                                      0.331     5.478 r  u_capture_calc_subsystem/u_hmi_uart_ctrl/wave_span_reg[8]_i_11/O[3]
                         net (fo=2, unplaced)         0.629     6.107    u_capture_calc_subsystem/u_hmi_uart_ctrl/span_total_samples0[7]
                         LUT3 (Prop_lut3_I0_O)        0.300     6.407 r  u_capture_calc_subsystem/u_hmi_uart_ctrl/wave_span[8]_i_4/O
                         net (fo=1, unplaced)         0.000     6.407    u_capture_calc_subsystem/u_hmi_uart_ctrl/span_total_samples[7]
                         CARRY4 (Prop_carry4_DI[2]_CO[3])
                                                      0.432     6.839 r  u_capture_calc_subsystem/u_hmi_uart_ctrl/wave_span_reg[8]_i_2/CO[3]
                         net (fo=1, unplaced)         0.000     6.839    u_capture_calc_subsystem/u_hmi_uart_ctrl/wave_span_reg[8]_i_2_n_0
                         CARRY4 (Prop_carry4_CI_O[3])
                                                      0.331     7.170 r  u_capture_calc_subsystem/u_hmi_uart_ctrl/wave_span_reg[12]_i_2/O[3]
                         net (fo=1, unplaced)         0.618     7.788    u_capture_calc_subsystem/u_hmi_uart_ctrl/span_limited0[12]
                         LUT2 (Prop_lut2_I0_O)        0.299     8.087 r  u_capture_calc_subsystem/u_hmi_uart_ctrl/wave_span[12]_i_1/O
                         net (fo=1, unplaced)         0.000     8.087    u_capture_calc_subsystem/u_hmi_uart_ctrl/wave_span[12]_i_1_n_0
                         FDRE                                         r  u_capture_calc_subsystem/u_hmi_uart_ctrl/wave_span_reg[12]/D
  -------------------------------------------------------------------    -------------------

                         (clock clk_out1_mmcm_top_wiz rise edge)
                                                     10.000    10.000 r  
    W5                                                0.000    10.000 r  sys_clk (IN)
                         net (fo=0)                   0.000    10.000    u_mmcm_top/u_mmcm_top_wiz/inst/clk_in1
    W5                   IBUF (Prop_ibuf_I_O)         1.388    11.388 r  u_mmcm_top/u_mmcm_top_wiz/inst/clkin1_ibufg/O
                         net (fo=1, unplaced)         0.439    11.827    u_mmcm_top/u_mmcm_top_wiz/inst/clk_in1_mmcm_top_wiz
                         MMCME2_ADV (Prop_mmcme2_adv_CLKIN1_CLKOUT0)
                                                     -5.378     6.449 r  u_mmcm_top/u_mmcm_top_wiz/inst/mmcm_adv_inst/CLKOUT0
                         net (fo=1, unplaced)         0.760     7.209    u_mmcm_top/u_mmcm_top_wiz/inst/clk_out1_mmcm_top_wiz
                         BUFG (Prop_bufg_I_O)         0.091     7.300 r  u_mmcm_top/u_mmcm_top_wiz/inst/clkout1_buf/O
                         net (fo=15593, unplaced)     0.439     7.739    u_capture_calc_subsystem/u_hmi_uart_ctrl/calc_clk
                         FDRE                                         r  u_capture_calc_subsystem/u_hmi_uart_ctrl/wave_span_reg[12]/C
                         clock pessimism              0.530     8.269    
                         clock uncertainty           -0.081     8.188    
                         FDRE (Setup_fdre_C_D)        0.029     8.217    u_capture_calc_subsystem/u_hmi_uart_ctrl/wave_span_reg[12]
  -------------------------------------------------------------------
                         required time                          8.217    
                         arrival time                          -8.087    
  -------------------------------------------------------------------
                         slack                                  0.130    





Min Delay Paths
--------------------------------------------------------------------------------------
Slack (MET) :             0.034ns  (arrival time - required time)
  Source:                 G_FPGA_Top/Capture_Calc_Subsystem/FFT_Processor/cordic_translate_mag/<hidden>/<hidden>/<hidden>/<hidden>/<hidden>/<hidden>/<hidden>/<hidden>/<hidden>/<hidden>/<hidden>
                            (rising edge-triggered cell FDRE clocked by clk_out1_mmcm_top_wiz  {rise@0.000ns fall@5.000ns period=10.000ns})
  Destination:            G_FPGA_Top/Capture_Calc_Subsystem/FFT_Processor/cordic_translate_mag/<hidden>/<hidden>/<hidden>/<hidden>
                            (rising edge-triggered cell SRLC32E clocked by clk_out1_mmcm_top_wiz  {rise@0.000ns fall@5.000ns period=10.000ns})
  Path Group:             clk_out1_mmcm_top_wiz
  Path Type:              Hold (Min at Fast Process Corner)
  Requirement:            0.000ns  (clk_out1_mmcm_top_wiz rise@0.000ns - clk_out1_mmcm_top_wiz rise@0.000ns)
  Data Path Delay:        0.309ns  (logic 0.147ns (47.594%)  route 0.162ns (52.406%))
  Logic Levels:           0  
  Clock Path Skew:        0.145ns (DCD - SCD - CPR)
    Destination Clock Delay (DCD):    -1.094ns
    Source Clock Delay      (SCD):    -0.959ns
    Clock Pessimism Removal (CPR):    -0.280ns

    Location             Delay type                Incr(ns)  Path(ns)    Netlist Resource(s)
  -------------------------------------------------------------------    -------------------
                         (clock clk_out1_mmcm_top_wiz rise edge)
                                                      0.000     0.000 r  
    W5                                                0.000     0.000 r  sys_clk (IN)
                         net (fo=0)                   0.000     0.000    u_mmcm_top/u_mmcm_top_wiz/inst/clk_in1
    W5                   IBUF (Prop_ibuf_I_O)         0.226     0.226 r  u_mmcm_top/u_mmcm_top_wiz/inst/clkin1_ibufg/O
                         net (fo=1, unplaced)         0.114     0.340    u_mmcm_top/u_mmcm_top_wiz/inst/clk_in1_mmcm_top_wiz
                         MMCME2_ADV (Prop_mmcme2_adv_CLKIN1_CLKOUT0)
                                                     -1.776    -1.436 r  u_mmcm_top/u_mmcm_top_wiz/inst/mmcm_adv_inst/CLKOUT0
                         net (fo=1, unplaced)         0.337    -1.099    u_mmcm_top/u_mmcm_top_wiz/inst/clk_out1_mmcm_top_wiz
                         BUFG (Prop_bufg_I_O)         0.026    -1.073 r  u_mmcm_top/u_mmcm_top_wiz/inst/clkout1_buf/O
                         net (fo=15593, unplaced)     0.114    -0.959    G_FPGA_Top/Capture_Calc_Subsystem/FFT_Processor/cordic_translate_mag/<hidden>/<hidden>/<hidden>/<hidden>/<hidden>/<hidden>/<hidden>/<hidden>/<hidden>/<hidden>/<hidden>
                         FDRE                                         r  G_FPGA_Top/Capture_Calc_Subsystem/FFT_Processor/cordic_translate_mag/<hidden>/<hidden>/<hidden>/<hidden>/<hidden>/<hidden>/<hidden>/<hidden>/<hidden>/<hidden>/<hidden>
  -------------------------------------------------------------------    -------------------
                         FDRE (Prop_fdre_C_Q)         0.147    -0.812 r  G_FPGA_Top/Capture_Calc_Subsystem/FFT_Processor/cordic_translate_mag/<hidden>/<hidden>/<hidden>/<hidden>/<hidden>/<hidden>/<hidden>/<hidden>/<hidden>/<hidden>/<hidden>
                         net (fo=1, unplaced)         0.162    -0.650    G_FPGA_Top/Capture_Calc_Subsystem/FFT_Processor/cordic_translate_mag/<hidden>/<hidden>/<hidden>/<hidden>
                         SRLC32E                                      r  G_FPGA_Top/Capture_Calc_Subsystem/FFT_Processor/cordic_translate_mag/<hidden>/<hidden>/<hidden>/<hidden>
  -------------------------------------------------------------------    -------------------

                         (clock clk_out1_mmcm_top_wiz rise edge)
                                                      0.000     0.000 r  
    W5                                                0.000     0.000 r  sys_clk (IN)
                         net (fo=0)                   0.000     0.000    u_mmcm_top/u_mmcm_top_wiz/inst/clk_in1
    W5                   IBUF (Prop_ibuf_I_O)         0.414     0.414 r  u_mmcm_top/u_mmcm_top_wiz/inst/clkin1_ibufg/O
                         net (fo=1, unplaced)         0.259     0.673    u_mmcm_top/u_mmcm_top_wiz/inst/clk_in1_mmcm_top_wiz
                         MMCME2_ADV (Prop_mmcme2_adv_CLKIN1_CLKOUT0)
                                                     -2.410    -1.737 r  u_mmcm_top/u_mmcm_top_wiz/inst/mmcm_adv_inst/CLKOUT0
                         net (fo=1, unplaced)         0.355    -1.382    u_mmcm_top/u_mmcm_top_wiz/inst/clk_out1_mmcm_top_wiz
                         BUFG (Prop_bufg_I_O)         0.029    -1.353 r  u_mmcm_top/u_mmcm_top_wiz/inst/clkout1_buf/O
                         net (fo=15593, unplaced)     0.259    -1.094    G_FPGA_Top/Capture_Calc_Subsystem/FFT_Processor/cordic_translate_mag/<hidden>/<hidden>/<hidden>/<hidden>
                         SRLC32E                                      r  G_FPGA_Top/Capture_Calc_Subsystem/FFT_Processor/cordic_translate_mag/<hidden>/<hidden>/<hidden>/<hidden>
                         clock pessimism              0.280    -0.814    
                         SRLC32E (Hold_srlc32e_CLK_D)
                                                      0.130    -0.684    G_FPGA_Top/Capture_Calc_Subsystem/FFT_Processor/cordic_translate_mag/<hidden>/<hidden>/<hidden>/<hidden>
  -------------------------------------------------------------------
                         required time                          0.684    
                         arrival time                          -0.650    
  -------------------------------------------------------------------
                         slack                                  0.034    





Pulse Width Checks
--------------------------------------------------------------------------------------
Clock Name:         clk_out1_mmcm_top_wiz
Waveform(ns):       { 0.000 5.000 }
Period(ns):         10.000
Sources:            { u_mmcm_top/u_mmcm_top_wiz/inst/mmcm_adv_inst/CLKOUT0 }

Check Type        Corner  Lib Pin             Reference Pin  Required(ns)  Actual(ns)  Slack(ns)  Location  Pin
Min Period        n/a     DSP48E1/CLK         n/a            3.687         10.000      6.313                u_capture_calc_subsystem/u_hmi_uart_ctrl/interp_div_num_reg/CLK
Max Period        n/a     MMCME2_ADV/CLKOUT0  n/a            213.360       10.000      203.360              u_mmcm_top/u_mmcm_top_wiz/inst/mmcm_adv_inst/CLKOUT0
Low Pulse Width   Slow    SRL16E/CLK          n/a            0.980         5.000       4.020                G_FPGA_Top/Capture_Calc_Subsystem/AFE_Capture/fir_compiler_lp_600k/<hidden>/<hidden>/<hidden>/<hidden>/<hidden>
High Pulse Width  Slow    SRL16E/CLK          n/a            0.980         5.000       4.020                G_FPGA_Top/Capture_Calc_Subsystem/AFE_Capture/fir_compiler_lp_600k/<hidden>/<hidden>/<hidden>/<hidden>/<hidden>



---------------------------------------------------------------------------------------------------
From Clock:  clk_out2_mmcm_top_wiz
  To Clock:  clk_out2_mmcm_top_wiz

Setup :           NA  Failing Endpoints,  Worst Slack           NA  ,  Total Violation           NA
Hold  :           NA  Failing Endpoints,  Worst Slack           NA  ,  Total Violation           NA
PW    :            0  Failing Endpoints,  Worst Slack       79.224ns,  Total Violation        0.000ns
---------------------------------------------------------------------------------------------------


Pulse Width Checks
--------------------------------------------------------------------------------------
Clock Name:         clk_out2_mmcm_top_wiz
Waveform(ns):       { 0.000 40.690 }
Period(ns):         81.379
Sources:            { u_mmcm_top/u_mmcm_top_wiz/inst/mmcm_adv_inst/CLKOUT1 }

Check Type  Corner  Lib Pin             Reference Pin  Required(ns)  Actual(ns)  Slack(ns)  Location  Pin
Min Period  n/a     BUFG/I              n/a            2.155         81.379      79.224               u_mmcm_top/u_mmcm_top_wiz/inst/clkout2_buf/I
Max Period  n/a     MMCME2_ADV/CLKOUT1  n/a            213.360       81.379      131.981              u_mmcm_top/u_mmcm_top_wiz/inst/mmcm_adv_inst/CLKOUT1



---------------------------------------------------------------------------------------------------
From Clock:  clk_adc
  To Clock:  clk_adc

Setup :            0  Failing Endpoints,  Worst Slack       71.590ns,  Total Violation        0.000ns
Hold  :            0  Failing Endpoints,  Worst Slack        0.045ns,  Total Violation        0.000ns
PW    :            0  Failing Endpoints,  Worst Slack       80.879ns,  Total Violation        0.000ns
---------------------------------------------------------------------------------------------------


Max Delay Paths
--------------------------------------------------------------------------------------
Slack (MET) :             71.590ns  (required time - arrival time)
  Source:                 adc_data_in[7]
                            (input port clocked by clk_adc  {rise@0.000ns fall@81.379ns period=244.138ns})
  Destination:            u_capture_calc_subsystem/u_adc_input_cdc/adc_data_hold_reg[7]/D
                            (falling edge-triggered cell FDRE clocked by clk_adc  {rise@0.000ns fall@81.379ns period=244.138ns})
  Path Group:             clk_adc
  Path Type:              Setup (Max at Slow Process Corner)
  Requirement:            81.379ns  (clk_adc fall@81.379ns - clk_adc rise@0.000ns)
  Data Path Delay:        2.282ns  (logic 1.482ns (64.952%)  route 0.800ns (35.048%))
  Logic Levels:           1  (IBUF=1)
  Input Delay:            8.000ns
  Clock Path Skew:        0.655ns (DCD - SCD + CPR)
    Destination Clock Delay (DCD):    -0.688ns = ( 80.691 - 81.379 ) 
    Source Clock Delay      (SCD):    -0.604ns
    Clock Pessimism Removal (CPR):    0.739ns
  Clock Uncertainty:      0.117ns  ((TSJ^2 + DJ^2)^1/2) / 2 + PE
    Total System Jitter     (TSJ):    0.071ns
    Discrete Jitter          (DJ):    0.223ns
    Phase Error              (PE):    0.000ns

    Location             Delay type                Incr(ns)  Path(ns)    Netlist Resource(s)
  -------------------------------------------------------------------    -------------------
                         (clock clk_adc rise edge)    0.000     0.000 r  
    W5                                                0.000     0.000 r  sys_clk (IN)
                         net (fo=0)                   0.000     0.000    u_mmcm_top/u_mmcm_top_wiz/inst/clk_in1
    W5                   IBUF (Prop_ibuf_I_O)         1.458     1.458 r  u_mmcm_top/u_mmcm_top_wiz/inst/clkin1_ibufg/O
                         net (fo=1, unplaced)         0.584     2.042    u_mmcm_top/u_mmcm_top_wiz/inst/clk_in1_mmcm_top_wiz
                         MMCME2_ADV (Prop_mmcme2_adv_CLKIN1_CLKOUT1)
                                                     -5.108    -3.065 r  u_mmcm_top/u_mmcm_top_wiz/inst/mmcm_adv_inst/CLKOUT1
                         net (fo=1, unplaced)         0.800    -2.266    u_mmcm_top/u_mmcm_top_wiz/inst/clk_out2_mmcm_top_wiz
                         BUFG (Prop_bufg_I_O)         0.096    -2.170 r  u_mmcm_top/u_mmcm_top_wiz/inst/clkout2_buf/O
                         net (fo=1, unplaced)         0.584    -1.586    u_mmcm_top/clk_adc_mmcm
                         BUFR (Prop_bufr_I_O)         0.982    -0.604 r  u_mmcm_top/u_adc_clock_bufr/O
  -------------------------------------------------------------------    -------------------
                         input delay                  8.000     7.396    
    K17                                               0.000     7.396 r  adc_data_in[7] (IN)
                         net (fo=0)                   0.000     7.396    adc_data_in[7]
    K17                  IBUF (Prop_ibuf_I_O)         1.482     8.878 r  adc_data_in_IBUF[7]_inst/O
                         net (fo=1, unplaced)         0.800     9.678    u_capture_calc_subsystem/u_adc_input_cdc/adc_data[7]
                         FDRE                                         r  u_capture_calc_subsystem/u_adc_input_cdc/adc_data_hold_reg[7]/D
  -------------------------------------------------------------------    -------------------

                         (clock clk_adc fall edge)   81.379    81.379 f  
    W5                                                0.000    81.379 f  sys_clk (IN)
                         net (fo=0)                   0.000    81.379    u_mmcm_top/u_mmcm_top_wiz/inst/clk_in1
    W5                   IBUF (Prop_ibuf_I_O)         1.388    82.767 f  u_mmcm_top/u_mmcm_top_wiz/inst/clkin1_ibufg/O
                         net (fo=1, unplaced)         0.439    83.206    u_mmcm_top/u_mmcm_top_wiz/inst/clk_in1_mmcm_top_wiz
                         MMCME2_ADV (Prop_mmcme2_adv_CLKIN1_CLKOUT1)
                                                     -5.378    77.829 f  u_mmcm_top/u_mmcm_top_wiz/inst/mmcm_adv_inst/CLKOUT1
                         net (fo=1, unplaced)         0.760    78.588    u_mmcm_top/u_mmcm_top_wiz/inst/clk_out2_mmcm_top_wiz
                         BUFG (Prop_bufg_I_O)         0.091    78.679 f  u_mmcm_top/u_mmcm_top_wiz/inst/clkout2_buf/O
                         net (fo=1, unplaced)         0.439    79.118    u_mmcm_top/clk_adc_mmcm
                         BUFR (Prop_bufr_I_O)         0.918    80.036 f  u_mmcm_top/u_adc_clock_bufr/O
                         net (fo=16, unplaced)        0.655    80.691    u_capture_calc_subsystem/u_adc_input_cdc/adc_clk
                         FDRE                                         r  u_capture_calc_subsystem/u_adc_input_cdc/adc_data_hold_reg[7]/C  (IS_INVERTED)
                         clock pessimism              0.739    81.430    
                         clock uncertainty           -0.117    81.313    
                         FDRE (Setup_fdre_C_D)       -0.045    81.268    u_capture_calc_subsystem/u_adc_input_cdc/adc_data_hold_reg[7]
  -------------------------------------------------------------------
                         required time                         81.268    
                         arrival time                          -9.678    
  -------------------------------------------------------------------
                         slack                                 71.590    





Min Delay Paths
--------------------------------------------------------------------------------------
Slack (MET) :             0.045ns  (arrival time - required time)
  Source:                 u_reset_sync_adc/sync_ff_reg[0]/C
                            (rising edge-triggered cell FDPE clocked by clk_adc  {rise@0.000ns fall@81.379ns period=244.138ns})
  Destination:            u_reset_sync_adc/sync_ff_reg[1]/D
                            (rising edge-triggered cell FDPE clocked by clk_adc  {rise@0.000ns fall@81.379ns period=244.138ns})
  Path Group:             clk_adc
  Path Type:              Hold (Min at Fast Process Corner)
  Requirement:            0.000ns  (clk_adc rise@0.000ns - clk_adc rise@0.000ns)
  Data Path Delay:        0.228ns  (logic 0.147ns (64.493%)  route 0.081ns (35.507%))
  Logic Levels:           0  
  Clock Path Skew:        0.145ns (DCD - SCD - CPR)
    Destination Clock Delay (DCD):    -0.308ns
    Source Clock Delay      (SCD):    -0.479ns
    Clock Pessimism Removal (CPR):    0.026ns

    Location             Delay type                Incr(ns)  Path(ns)    Netlist Resource(s)
  -------------------------------------------------------------------    -------------------
                         (clock clk_adc rise edge)    0.000     0.000 r  
    W5                                                0.000     0.000 r  sys_clk (IN)
                         net (fo=0)                   0.000     0.000    u_mmcm_top/u_mmcm_top_wiz/inst/clk_in1
    W5                   IBUF (Prop_ibuf_I_O)         0.226     0.226 r  u_mmcm_top/u_mmcm_top_wiz/inst/clkin1_ibufg/O
                         net (fo=1, unplaced)         0.114     0.340    u_mmcm_top/u_mmcm_top_wiz/inst/clk_in1_mmcm_top_wiz
                         MMCME2_ADV (Prop_mmcme2_adv_CLKIN1_CLKOUT1)
                                                     -1.776    -1.436 r  u_mmcm_top/u_mmcm_top_wiz/inst/mmcm_adv_inst/CLKOUT1
                         net (fo=1, unplaced)         0.337    -1.099    u_mmcm_top/u_mmcm_top_wiz/inst/clk_out2_mmcm_top_wiz
                         BUFG (Prop_bufg_I_O)         0.026    -1.073 r  u_mmcm_top/u_mmcm_top_wiz/inst/clkout2_buf/O
                         net (fo=1, unplaced)         0.114    -0.959    u_mmcm_top/clk_adc_mmcm
                         BUFR (Prop_bufr_I_O)         0.270    -0.689 r  u_mmcm_top/u_adc_clock_bufr/O
                         net (fo=16, unplaced)        0.210    -0.479    u_reset_sync_adc/CLK
                         FDPE                                         r  u_reset_sync_adc/sync_ff_reg[0]/C
  -------------------------------------------------------------------    -------------------
                         FDPE (Prop_fdpe_C_Q)         0.147    -0.332 r  u_reset_sync_adc/sync_ff_reg[0]/Q
                         net (fo=1, unplaced)         0.081    -0.251    u_reset_sync_adc/sync_ff[0]
                         FDPE                                         r  u_reset_sync_adc/sync_ff_reg[1]/D
  -------------------------------------------------------------------    -------------------

                         (clock clk_adc rise edge)    0.000     0.000 r  
    W5                                                0.000     0.000 r  sys_clk (IN)
                         net (fo=0)                   0.000     0.000    u_mmcm_top/u_mmcm_top_wiz/inst/clk_in1
    W5                   IBUF (Prop_ibuf_I_O)         0.414     0.414 r  u_mmcm_top/u_mmcm_top_wiz/inst/clkin1_ibufg/O
                         net (fo=1, unplaced)         0.259     0.673    u_mmcm_top/u_mmcm_top_wiz/inst/clk_in1_mmcm_top_wiz
                         MMCME2_ADV (Prop_mmcme2_adv_CLKIN1_CLKOUT1)
                                                     -2.410    -1.737 r  u_mmcm_top/u_mmcm_top_wiz/inst/mmcm_adv_inst/CLKOUT1
                         net (fo=1, unplaced)         0.355    -1.382    u_mmcm_top/u_mmcm_top_wiz/inst/clk_out2_mmcm_top_wiz
                         BUFG (Prop_bufg_I_O)         0.029    -1.353 r  u_mmcm_top/u_mmcm_top_wiz/inst/clkout2_buf/O
                         net (fo=1, unplaced)         0.259    -1.094    u_mmcm_top/clk_adc_mmcm
                         BUFR (Prop_bufr_I_O)         0.431    -0.663 r  u_mmcm_top/u_adc_clock_bufr/O
                         net (fo=16, unplaced)        0.355    -0.308    u_reset_sync_adc/CLK
                         FDPE                                         r  u_reset_sync_adc/sync_ff_reg[1]/C
                         clock pessimism             -0.026    -0.334    
                         FDPE (Hold_fdpe_C_D)         0.038    -0.296    u_reset_sync_adc/sync_ff_reg[1]
  -------------------------------------------------------------------
                         required time                          0.296    
                         arrival time                          -0.251    
  -------------------------------------------------------------------
                         slack                                  0.045    





Pulse Width Checks
--------------------------------------------------------------------------------------
Clock Name:         clk_adc
Waveform(ns):       { 0.000 81.379 }
Period(ns):         244.138
Sources:            { u_mmcm_top/u_adc_clock_bufr/O }

Check Type        Corner  Lib Pin  Reference Pin  Required(ns)  Actual(ns)  Slack(ns)  Location       Pin
Min Period        n/a     ODDR/C   n/a            1.474         244.138     242.664    OLOGIC_X0Y138  u_adc_clock_oddr/C
Low Pulse Width   Slow    FDRE/C   n/a            0.500         81.379      80.879                    u_capture_calc_subsystem/u_adc_input_cdc/adc_data_hold_reg[0]/C
High Pulse Width  Slow    FDPE/C   n/a            0.500         81.379      80.879                    u_reset_sync_adc/sync_ff_reg[0]/C



---------------------------------------------------------------------------------------------------
From Clock:  clkfbout_mmcm_top_wiz
  To Clock:  clkfbout_mmcm_top_wiz

Setup :           NA  Failing Endpoints,  Worst Slack           NA  ,  Total Violation           NA
Hold  :           NA  Failing Endpoints,  Worst Slack           NA  ,  Total Violation           NA
PW    :            0  Failing Endpoints,  Worst Slack        7.845ns,  Total Violation        0.000ns
---------------------------------------------------------------------------------------------------


Pulse Width Checks
--------------------------------------------------------------------------------------
Clock Name:         clkfbout_mmcm_top_wiz
Waveform(ns):       { 0.000 5.000 }
Period(ns):         10.000
Sources:            { u_mmcm_top/u_mmcm_top_wiz/inst/mmcm_adv_inst/CLKFBOUT }

Check Type  Corner  Lib Pin             Reference Pin  Required(ns)  Actual(ns)  Slack(ns)  Location  Pin
Min Period  n/a     BUFG/I              n/a            2.155         10.000      7.845                u_mmcm_top/u_mmcm_top_wiz/inst/clkf_buf/I
Max Period  n/a     MMCME2_ADV/CLKFBIN  n/a            100.000       10.000      90.000               u_mmcm_top/u_mmcm_top_wiz/inst/mmcm_adv_inst/CLKFBIN



